// Jest Snapshot v1, https://goo.gl/fbAQLP

exports[`About component should render as expected 1`] = `
<div>
  <h1
    className="heading"
  >
    Hi
  </h1>
  <p
    className="bio"
  >
    About me!
  </p>
</div>
`;
